[Licensing::Module] Trying to connect to existing licensing client channel...
Built from '6000.3/staging' branch; Version is '6000.3.21f1 (c02631ffc030) revision 12592689'; Using compiler version '194234433'; Build Type 'Release'
[Licensing::IpcConnector] Successfully connected to: "LicenseClient-Tus" at "2026-09-14T10:54:13.9429256Z"
OS: 'Windows 11  (10.0.26200) CoreSingleLanguage' Language: 'en' Physical Memory: 32492 MB
BatchMode: 1, IsHumanControllingUs: 0, StartBugReporterOnCrash: 0, Is64bit: 1
System  architecture: x64
Process architecture: x64
Date: 2026-09-14T10:54:13Z

COMMAND LINE ARGUMENTS:
E:\Unity\Material\6000.3.21f1\Editor\Unity.exe
-batchmode
-nographics
-projectPath
E:\Unity\Project\TowerDefense\TowerDefense
-executeMethod
AlienDefense.EditorTools.EnergyPickupPrefabBuilder.UpgradeEnergyPickupVisual
-logFile
E:\Unity\Project\TowerDefense\TowerDefense\Temp_EnergyBallGlow.log
-quit
Successfully changed project path to: E:\Unity\Project\TowerDefense\TowerDefense
E:/Unity/Project/TowerDefense/TowerDefense
[UnityMemory] Configuration Parameters - Can be set up in boot.config
    "memorysetup-temp-allocator-size-nav-mesh-worker=65536"
    "memorysetup-temp-allocator-size-audio-worker=65536"
    "memorysetup-temp-allocator-size-gfx=262144"
    "memorysetup-allocator-temp-initial-block-size-main=262144"
    "memorysetup-allocator-temp-initial-block-size-worker=262144"
    "memorysetup-temp-allocator-size-background-worker=32768"
    "memorysetup-temp-allocator-size-job-worker=262144"
    "memorysetup-temp-allocator-size-preload-manager=33554432"
    "memorysetup-temp-allocator-size-gi-baking-worker=262144"
    "memorysetup-temp-allocator-size-gi-baking-worker=262144"
    "memorysetup-temp-allocator-size-gi-baking-worker=262144"
    "memorysetup-temp-allocator-size-gi-baking-worker=262144"
    "memorysetup-temp-allocator-size-gi-baking-worker=262144"
    "memorysetup-bucket-allocator-granularity=16"
    "memorysetup-bucket-allocator-bucket-count=8"
    "memorysetup-bucket-allocator-block-size=33554432"
    "memorysetup-bucket-allocator-block-count=8"
    "memorysetup-main-allocator-block-size=16777216"
    "memorysetup-thread-allocator-block-size=16777216"
    "memorysetup-gfx-main-allocator-block-size=16777216"
    "memorysetup-gfx-thread-allocator-block-size=16777216"
    "memorysetup-cache-allocator-block-size=4194304"
    "memorysetup-typetree-allocator-block-size=2097152"
    "memorysetup-profiler-bucket-allocator-granularity=16"
    "memorysetup-profiler-bucket-allocator-bucket-count=8"
    "memorysetup-profiler-bucket-allocator-block-size=33554432"
    "memorysetup-profiler-bucket-allocator-block-count=8"
    "memorysetup-profiler-allocator-block-size=16777216"
    "memorysetup-profiler-editor-allocator-block-size=1048576"
    "memorysetup-temp-allocator-size-main=16777216"
    "memorysetup-job-temp-allocator-block-size=2097152"
    "memorysetup-job-temp-allocator-block-size-background=1048576"
    "memorysetup-job-temp-allocator-reduction-small-platforms=262144"
    "memorysetup-temp-allocator-size-cloud-worker=32768"
Player connection [12968]  Target information:

Player connection [12968]  * "[IP] 172.31.99.75 [Port] 55504 [Flags] 2 [Guid] 1291218763 [EditorId] 1291218763 [Version] 1048832 [Id] WindowsEditor(7,LAPTOP-VEL5EC45) [Debug] 1 [PackageName] WindowsEditor [ProjectName] Editor" 

Player connection [12968] Host joined multi-casting on [225.0.0.222:54997]...
Player connection [12968] Host joined alternative multi-casting on [225.0.0.222:34997]...
Input System module state changed to: Initialized.
[Physics::Module] Initialized fallback backend.
[Physics::Module] Id: 0xdecafbad
[Package Manager] Connected to IPC stream "Upm-36692" after 0.3 seconds.
[Licensing::Module] Licensing is not yet initialized.
[Licensing::Client] Error: HandshakeResponse reported an error:
	ResponseCode: 505
	ResponseStatus: Unsupported protocol version '1.18.1'.
[Licensing::Module] Error: Failed to handshake to channel: "LicenseClient-Tus"
[Licensing::IpcConnector] LicenseClient-Tus channel disconnected successfully.
[Licensing::IpcConnector] Channel LicenseClient-Tus-6000.3.21 doesn't exist
[Licensing::Module] Successfully launched the LicensingClient (PId: 5804)
[Licensing::IpcConnector] Successfully connected to: "LicenseClient-Tus-6000.3.21" at "2026-09-14T10:54:16.7059762Z"
[Licensing::Client] Code 10 while verifying Licensing Client signature (process Id: 5804, path: "E:/Unity/Material/6000.3.21f1/Editor/Data/Resources/Licensing/Client/Unity.Licensing.Client.exe")
[Licensing::Module] LicensingClient has failed validation; ignoring
[Licensing::Client] Handshaking with LicensingClient:
  Version:                 1.18.1+9fbee8e
  Session Id:              08741a126d584a07a4de872a63822615
  Correlation Id:          2f8ebcefb121a21ac04f9e8a77c05bd2
  External correlation Id: 529986083621333092
  Machine Id:              8TkmXJ1lDM6kyMXBpLFkyOeZPUY=
[Licensing::Module] Successfully connected to LicensingClient on channel: "LicenseClient-Tus-6000.3.21" (connect: 0.37s, validation: 0.15s, handshake: 0.01s)
[Licensing::IpcConnector] Successfully connected to: "LicenseClient-Tus-6000.3.21-notifications" at "2026-09-14T10:54:16.8686904Z"
[Licensing::Module] Connected to LicensingClient (PId: 5804, launch time: 0.01, total connection time: 0.54s)
[Licensing::Module] Error: Access token is unavailable; failed to update
[Licensing::Client] Successfully resolved entitlement details
[Licensing::Module] License group:
  Id: 18968293043658-tulklk32-UnityProStuXXXX
  Product: Unity Student
  Type: Assigned
  Expiration: 2027-07-10T16:59:39Z
[Licensing::Client] Successfully updated license, isAsync: True, time: 0.01
[Licensing::Client] Successfully resolved entitlement details
[Licensing::Module] Licensing Background thread has ended after 2.97s
[Licensing::Module] Licensing is initialized (took 2.41s).
[Licensing::Client] Successfully resolved entitlement details
Library Redirect Path: Library/
[Physics::Module] Selected backend.
[Physics::Module] Name: PhysX
[Physics::Module] Id: 0xf2b8ea05
[Physics::Module] SDK Version: 4.1.2
[Physics::Module] Integration Version: 1.0.0
[Physics::Module] Threading Mode: Multi-Threaded
Artifact Garbage Collection - Removed 107 unused hashed content files
[Licensing::Client] Successfully resolved entitlement details
Refreshing native plugins compatible for Editor in 0.68 ms, found 0 plugins.
Preloading 0 native plugins for Editor in 0.00 ms.
Initialize engine version: 6000.3.21f1 (c02631ffc030)
[Subsystems] Discovering subsystems at path E:/Unity/Material/6000.3.21f1/Editor/Data/Resources/UnitySubsystems
[Subsystems] Discovering subsystems at path E:/Unity/Project/TowerDefense/TowerDefense/Assets
Forcing GfxDevice: Null
GfxDevice: creating device client; kGfxThreadingModeNonThreaded
NullGfxDevice:
    Version:  NULL 1.0 [1.0]
    Renderer: Null Device
    Vendor:   Unity Technologies
Initialize mono
Mono path[0] = 'E:/Unity/Material/6000.3.21f1/Editor/Data/Managed'
Mono path[1] = 'E:/Unity/Material/6000.3.21f1/Editor/Data/MonoBleedingEdge/lib/mono/unityjit-win32'
Mono config path = 'E:/Unity/Material/6000.3.21f1/Editor/Data/MonoBleedingEdge/etc'
Using monoOptions --debugger-agent=transport=dt_socket,embedding=1,server=y,suspend=n,address=127.0.0.1:56692
Using cacheserver namespaces - metadata:defaultmetadata, artifacts:defaultartifacts
Using cacheserver namespaces - metadata:defaultmetadata, artifacts:defaultartifacts
ImportWorker Server TCP listen port: 0
AcceleratorClientConnectionCallback - disconnected - :0
Begin MonoManager ReloadAssembly
Registering precompiled unity dll's ...
Register platform support module: E:/Unity/Material/6000.3.21f1/Editor/Data/PlaybackEngines/WindowsStandaloneSupport/UnityEditor.WindowsStandalone.Extensions.dll
[Licensing::Client] Successfully resolved entitlement details
Register platform support module: E:/Unity/Material/6000.3.21f1/Editor/Data/PlaybackEngines/MetroSupport/UnityEditor.UWP.Extensions.dll
Register platform support module: E:/Unity/Material/6000.3.21f1/Editor/Data/PlaybackEngines/AndroidPlayer/UnityEditor.Android.Extensions.dll
Registered in 0.004934 seconds.
- Loaded All Assemblies, in  0.438 seconds
Native extension for Android target not found
Native extension for UWP target not found
Native extension for WindowsStandalone target not found
Package Manager log level set to [2]
ScheduleIndexationOnStartup MainProcess:False IndexOnStartup:True
Mono: successfully reloaded assembly
- Finished resetting the current domain, in  0.416 seconds
Domain Reload Profiling: 854ms
	BeginReloadAssembly (157ms)
		ExecutionOrderSort (0ms)
		DisableScriptedObjects (0ms)
		BackupInstance (0ms)
		ReleaseScriptingObjects (0ms)
		CreateAndSetChildDomain (35ms)
	RebuildCommonClasses (38ms)
	RebuildNativeTypeToScriptingClass (13ms)
	initialDomainReloadingComplete (47ms)
	LoadAllAssembliesAndSetupDomain (182ms)
		LoadAssemblies (123ms)
		RebuildTransferFunctionScriptingTraits (0ms)
		AnalyzeDomain (177ms)
			TypeCache.Refresh (175ms)
				TypeCache.ScanAssembly (160ms)
			BuildScriptInfoCaches (0ms)
			ResolveRequiredComponents (0ms)
	FinalizeReload (417ms)
		ReleaseScriptCaches (0ms)
		RebuildScriptCaches (0ms)
		SetupLoadedEditorAssemblies (375ms)
			LogAssemblyErrors (0ms)
			InitializePlatformSupportModulesInManaged (92ms)
			SetLoadedEditorAssemblies (3ms)
			BeforeProcessingInitializeOnLoad (74ms)
			ProcessInitializeOnLoadAttributes (146ms)
			ProcessInitializeOnLoadMethodAttributes (60ms)
			AfterProcessingInitializeOnLoad (0ms)
			EditorAssembliesLoaded (0ms)
		ExecutionOrderSort2 (0ms)
		AwakeInstancesAfterBackupRestoration (0ms)
[Licensing::Client] Successfully resolved entitlement details
[Licensing::Client] Successfully resolved entitlement details
Application.AssetDatabase Initial Refresh Start
[Package Manager] Restoring resolved packages state from cache
[Licensing::Client] Successfully resolved entitlement details
[Package Manager] Registered 68 packages:
  Packages from [https://packages.unity.com]:
    com.unity.ai.assistant@2.17.0-pre.1 (location: E:\Unity\Project\TowerDefense\TowerDefense\Library\PackageCache\com.unity.ai.assistant@284c75a8d208)
    com.unity.ai.inference@2.6.1 (location: E:\Unity\Project\TowerDefense\TowerDefense\Library\PackageCache\com.unity.ai.inference@9a123aee5df7)
    com.unity.ai.navigation@2.0.14 (location: E:\Unity\Project\TowerDefense\TowerDefense\Library\PackageCache\com.unity.ai.navigation@134dd6a3b97b)
    com.unity.burst@1.8.30 (location: E:\Unity\Project\TowerDefense\TowerDefense\Library\PackageCache\com.unity.burst@2f3d916873ea)
    com.unity.collab-proxy@2.12.4 (location: E:\Unity\Project\TowerDefense\TowerDefense\Library\PackageCache\com.unity.collab-proxy@0b1559bcd34e)
    com.unity.collections@2.6.8 (location: E:\Unity\Project\TowerDefense\TowerDefense\Library\PackageCache\com.unity.collections@84e8eb3fc12e)
    com.unity.device-simulator.devices@1.0.1 (location: E:\Unity\Project\TowerDefense\TowerDefense\Library\PackageCache\com.unity.device-simulator.devices@2af643ceec84)
    com.unity.ide.rider@3.0.40 (location: E:\Unity\Project\TowerDefense\TowerDefense\Library\PackageCache\com.unity.ide.rider@e4950c6d131b)
    com.unity.ide.visualstudio@2.0.26 (location: E:\Unity\Project\TowerDefense\TowerDefense\Library\PackageCache\com.unity.ide.visualstudio@a99d56dec63f)
    com.unity.inputsystem@1.20.0 (location: E:\Unity\Project\TowerDefense\TowerDefense\Library\PackageCache\com.unity.inputsystem@7a4e1a2a8194)
    com.unity.mathematics@1.3.3 (location: E:\Unity\Project\TowerDefense\TowerDefense\Library\PackageCache\com.unity.mathematics@19a9377c4ffa)
    com.unity.nuget.mono-cecil@1.11.6 (location: E:\Unity\Project\TowerDefense\TowerDefense\Library\PackageCache\com.unity.nuget.mono-cecil@ecb9724e46ff)
    com.unity.nuget.newtonsoft-json@3.2.2 (location: E:\Unity\Project\TowerDefense\TowerDefense\Library\PackageCache\com.unity.nuget.newtonsoft-json@4dfd81071c64)
    com.unity.searcher@4.9.4 (location: E:\Unity\Project\TowerDefense\TowerDefense\Library\PackageCache\com.unity.searcher@d45a78918735)
    com.unity.test-framework.performance@3.5.0 (location: E:\Unity\Project\TowerDefense\TowerDefense\Library\PackageCache\com.unity.test-framework.performance@8b56083ec0f0)
    com.unity.timeline@1.8.12 (location: E:\Unity\Project\TowerDefense\TowerDefense\Library\PackageCache\com.unity.timeline@8cd8509afae5)
    com.unity.visualscripting@1.9.12 (location: E:\Unity\Project\TowerDefense\TowerDefense\Library\PackageCache\com.unity.visualscripting@4edfcc09512f)
    com.unity.editorcoroutines@1.1.0 (location: E:\Unity\Project\TowerDefense\TowerDefense\Library\PackageCache\com.unity.editorcoroutines@87a15ed012c2)
    com.unity.performance.profile-analyzer@1.4.0 (location: E:\Unity\Project\TowerDefense\TowerDefense\Library\PackageCache\com.unity.performance.profile-analyzer@2bb26871883c)
    com.unity.testtools.codecoverage@1.3.0 (location: E:\Unity\Project\TowerDefense\TowerDefense\Library\PackageCache\com.unity.testtools.codecoverage@19a841221620)
    com.unity.dt.app-ui@2.1.1 (location: E:\Unity\Project\TowerDefense\TowerDefense\Library\PackageCache\com.unity.dt.app-ui@8ac7e730dd5d)
    com.unity.settings-manager@2.1.1 (location: E:\Unity\Project\TowerDefense\TowerDefense\Library\PackageCache\com.unity.settings-manager@0b8638c5ce86)
  Built-in packages:
    com.unity.ext.nunit@2.0.5 (location: E:\Unity\Project\TowerDefense\TowerDefense\Library\PackageCache\com.unity.ext.nunit@d8c07649098d)
    com.unity.feature.development@1.0.2 (location: E:\Unity\Project\TowerDefense\TowerDefense\Library\PackageCache\com.unity.feature.development@767aadbc6eb7)
    com.unity.multiplayer.center@1.0.1 (location: E:\Unity\Project\TowerDefense\TowerDefense\Library\PackageCache\com.unity.multiplayer.center@f01f4ba8d00a)
    com.unity.render-pipelines.core@17.3.0 (location: E:\Unity\Project\TowerDefense\TowerDefense\Library\PackageCache\com.unity.render-pipelines.core@c67c01575725)
    com.unity.render-pipelines.universal@17.3.0 (location: E:\Unity\Project\TowerDefense\TowerDefense\Library\PackageCache\com.unity.render-pipelines.universal@8aa8d736cba6)
    com.unity.render-pipelines.universal-config@17.0.3 (location: E:\Unity\Project\TowerDefense\TowerDefense\Library\PackageCache\com.unity.render-pipelines.universal-config@8dc1aab4af1d)
    com.unity.shadergraph@17.3.0 (location: E:\Unity\Project\TowerDefense\TowerDefense\Library\PackageCache\com.unity.shadergraph@aa8306cf39d6)
    com.unity.test-framework@1.6.0 (location: E:\Unity\Project\TowerDefense\TowerDefense\Library\PackageCache\com.unity.test-framework@bd7f943e9647)
    com.unity.ugui@2.0.0 (location: E:\Unity\Project\TowerDefense\TowerDefense\Library\PackageCache\com.unity.ugui@e20f1880fa04)
    com.unity.modules.accessibility@1.0.0 (location: E:\Unity\Project\TowerDefense\TowerDefense\Library\PackageCache\com.unity.modules.accessibility)
    com.unity.modules.adaptiveperformance@1.0.0 (location: E:\Unity\Project\TowerDefense\TowerDefense\Library\PackageCache\com.unity.modules.adaptiveperformance)
    com.unity.modules.ai@1.0.0 (location: E:\Unity\Project\TowerDefense\TowerDefense\Library\PackageCache\com.unity.modules.ai)
    com.unity.modules.androidjni@1.0.0 (location: E:\Unity\Project\TowerDefense\TowerDefense\Library\PackageCache\com.unity.modules.androidjni)
    com.unity.modules.animation@1.0.0 (location: E:\Unity\Project\TowerDefense\TowerDefense\Library\PackageCache\com.unity.modules.animation)
    com.unity.modules.assetbundle@1.0.0 (location: E:\Unity\Project\TowerDefense\TowerDefense\Library\PackageCache\com.unity.modules.assetbundle)
    com.unity.modules.audio@1.0.0 (location: E:\Unity\Project\TowerDefense\TowerDefense\Library\PackageCache\com.unity.modules.audio)
    com.unity.modules.cloth@1.0.0 (location: E:\Unity\Project\TowerDefense\TowerDefense\Library\PackageCache\com.unity.modules.cloth)
    com.unity.modules.director@1.0.0 (location: E:\Unity\Project\TowerDefense\TowerDefense\Library\PackageCache\com.unity.modules.director)
    com.unity.modules.imageconversion@1.0.0 (location: E:\Unity\Project\TowerDefense\TowerDefense\Library\PackageCache\com.unity.modules.imageconversion)
    com.unity.modules.imgui@1.0.0 (location: E:\Unity\Project\TowerDefense\TowerDefense\Library\PackageCache\com.unity.modules.imgui)
    com.unity.modules.jsonserialize@1.0.0 (location: E:\Unity\Project\TowerDefense\TowerDefense\Library\PackageCache\com.unity.modules.jsonserialize)
    com.unity.modules.particlesystem@1.0.0 (location: E:\Unity\Project\TowerDefense\TowerDefense\Library\PackageCache\com.unity.modules.particlesystem)
    com.unity.modules.physics@1.0.0 (location: E:\Unity\Project\TowerDefense\TowerDefense\Library\PackageCache\com.unity.modules.physics)
    com.unity.modules.physics2d@1.0.0 (location: E:\Unity\Project\TowerDefense\TowerDefense\Library\PackageCache\com.unity.modules.physics2d)
    com.unity.modules.screencapture@1.0.0 (location: E:\Unity\Project\TowerDefense\TowerDefense\Library\PackageCache\com.unity.modules.screencapture)
    com.unity.modules.terrain@1.0.0 (location: E:\Unity\Project\TowerDefense\TowerDefense\Library\PackageCache\com.unity.modules.terrain)
    com.unity.modules.terrainphysics@1.0.0 (location: E:\Unity\Project\TowerDefense\TowerDefense\Library\PackageCache\com.unity.modules.terrainphysics)
    com.unity.modules.tilemap@1.0.0 (location: E:\Unity\Project\TowerDefense\TowerDefense\Library\PackageCache\com.unity.modules.tilemap)
    com.unity.modules.ui@1.0.0 (location: E:\Unity\Project\TowerDefense\TowerDefense\Library\PackageCache\com.unity.modules.ui)
    com.unity.modules.uielements@1.0.0 (location: E:\Unity\Project\TowerDefense\TowerDefense\Library\PackageCache\com.unity.modules.uielements)
    com.unity.modules.umbra@1.0.0 (location: E:\Unity\Project\TowerDefense\TowerDefense\Library\PackageCache\com.unity.modules.umbra)
    com.unity.modules.unityanalytics@1.0.0 (location: E:\Unity\Project\TowerDefense\TowerDefense\Library\PackageCache\com.unity.modules.unityanalytics)
    com.unity.modules.unitywebrequest@1.0.0 (location: E:\Unity\Project\TowerDefense\TowerDefense\Library\PackageCache\com.unity.modules.unitywebrequest)
    com.unity.modules.unitywebrequestassetbundle@1.0.0 (location: E:\Unity\Project\TowerDefense\TowerDefense\Library\PackageCache\com.unity.modules.unitywebrequestassetbundle)
    com.unity.modules.unitywebrequestaudio@1.0.0 (location: E:\Unity\Project\TowerDefense\TowerDefense\Library\PackageCache\com.unity.modules.unitywebrequestaudio)
    com.unity.modules.unitywebrequesttexture@1.0.0 (location: E:\Unity\Project\TowerDefense\TowerDefense\Library\PackageCache\com.unity.modules.unitywebrequesttexture)
    com.unity.modules.unitywebrequestwww@1.0.0 (location: E:\Unity\Project\TowerDefense\TowerDefense\Library\PackageCache\com.unity.modules.unitywebrequestwww)
    com.unity.modules.vectorgraphics@1.0.0 (location: E:\Unity\Project\TowerDefense\TowerDefense\Library\PackageCache\com.unity.modules.vectorgraphics)
    com.unity.modules.vehicles@1.0.0 (location: E:\Unity\Project\TowerDefense\TowerDefense\Library\PackageCache\com.unity.modules.vehicles)
    com.unity.modules.video@1.0.0 (location: E:\Unity\Project\TowerDefense\TowerDefense\Library\PackageCache\com.unity.modules.video)
    com.unity.modules.vr@1.0.0 (location: E:\Unity\Project\TowerDefense\TowerDefense\Library\PackageCache\com.unity.modules.vr)
    com.unity.modules.wind@1.0.0 (location: E:\Unity\Project\TowerDefense\TowerDefense\Library\PackageCache\com.unity.modules.wind)
    com.unity.modules.xr@1.0.0 (location: E:\Unity\Project\TowerDefense\TowerDefense\Library\PackageCache\com.unity.modules.xr)
    com.unity.modules.subsystems@1.0.0 (location: E:\Unity\Project\TowerDefense\TowerDefense\Library\PackageCache\com.unity.modules.subsystems)
    com.unity.modules.hierarchycore@1.0.0 (location: E:\Unity\Project\TowerDefense\TowerDefense\Library\PackageCache\com.unity.modules.hierarchycore)
    com.unity.2d.sprite@1.0.0 (location: E:\Unity\Project\TowerDefense\TowerDefense\Library\PackageCache\com.unity.2d.sprite@d8bb22511404)
[Subsystems] No new subsystems found in resolved package list.
[Package Manager] Done registering packages in 0.03 seconds
[ScriptCompilation] Requested script compilation because: Assetdatabase observed changes in script compilation related files
Refreshing native plugins compatible for Editor in 3.09 ms, found 5 plugins.
Starting: E:\Unity\Material\6000.3.21f1\Editor\Data\Tools\BuildPipeline\bee_backend.exe --ipc --defer-dag-verification --dagfile="Library/Bee/1300b0aE.dag" --continue-on-failure --profile="Library/Bee/backend1.traceevents" ScriptAssemblies
WorkingDir: E:/Unity/Project/TowerDefense/TowerDefense
DisplayProgressbar: Compiling Scripts
Starting: E:\Unity\Material\6000.3.21f1\Editor\Data\netcorerun\netcorerun.exe "E:\Unity\Material\6000.3.21f1\Editor\Data\Tools\BuildPipeline\ScriptCompilationBuildProgram.exe" "Library/Bee/1300b0aE.dag.json" "Library/Bee/1300b0aE-inputdata.json" "Library\Bee\buildprogram0.traceevents"
WorkingDir: E:/Unity/Project/TowerDefense/TowerDefense
ExitCode: 4 Duration: 1s858ms
Rebuilding DAG because FileSignature timestamp changed: Library/Bee/1300b0aE-inputdata.json
[1222/1614  0s] ILPP-Configuration Library/ilpp-configuration.nevergeneratedoutput
[1223/1614  1s] Csc Library/Bee/artifacts/1300b0aE.dag/AlienDefense.Editor.dll (+2 others)
*** Tundra requires additional run (1.82 seconds), 2 items updated, 1221 evaluated
ExitCode: 0 Duration: 1s198ms
Starting: E:\Unity\Material\6000.3.21f1\Editor\Data\Tools\BuildPipeline\bee_backend.exe --ipc --defer-dag-verification --dagfile="Library/Bee/1300b0aE.dag" --continue-on-failure --dagfilejson="Library\Bee\1300b0aE.dag.json" --profile="Library/Bee/backend2.traceevents" ScriptAssemblies
WorkingDir: E:/Unity/Project/TowerDefense/TowerDefense
ExitCode: 0 Duration: 3s98ms
Finished compiling graph: 1618 nodes, 34187 flattened edges (27373 ToBuild, 270 ToUse), maximum node priority 1850
[1223/1614  0s] ILPP-Configuration Library/ilpp-configuration.nevergeneratedoutput
[1599/1614  0s] ILPostProcess Library/Bee/artifacts/1300b0aE.dag/post-processed/AlienDefense.Editor.dll (+pdb)
Processing assembly Library/Bee/artifacts/1300b0aE.dag/AlienDefense.Editor.dll, with 151 defines and 296 references

processors: Unity.Jobs.CodeGen.JobsILPostProcessor, zzzUnity.Burst.CodeGen.BurstILPostProcessor

running Unity.Jobs.CodeGen.JobsILPostProcessor

running zzzUnity.Burst.CodeGen.BurstILPostProcessor
[1600/1614  0s] CopyFiles Library/ScriptAssemblies/AlienDefense.Editor.pdb
[1601/1614  0s] Csc Library/Bee/artifacts/1300b0aE.dag/Assembly-CSharp-firstpass.dll (+2 others)
[1602/1614  0s] CopyFiles Library/ScriptAssemblies/AlienDefense.Editor.dll
[1603/1614  0s] Csc Library/Bee/artifacts/1300b0aE.dag/Assembly-CSharp.dll (+2 others)
[1604/1614  0s] Csc Library/Bee/artifacts/1300b0aE.dag/Assembly-CSharp-Editor.dll (+2 others)
[1605/1614  1s] ILPostProcess Library/Bee/artifacts/1300b0aE.dag/post-processed/Assembly-CSharp-Editor.dll (+pdb)
Processing assembly Library/Bee/artifacts/1300b0aE.dag/Assembly-CSharp-Editor.dll, with 151 defines and 380 references

processors: Unity.Jobs.CodeGen.JobsILPostProcessor, zzzUnity.Burst.CodeGen.BurstILPostProcessor

running Unity.Jobs.CodeGen.JobsILPostProcessor

running zzzUnity.Burst.CodeGen.BurstILPostProcessor
[1606/1614  1s] ILPostProcess Library/Bee/artifacts/1300b0aE.dag/post-processed/Assembly-CSharp.dll (+pdb)
Processing assembly Library/Bee/artifacts/1300b0aE.dag/Assembly-CSharp.dll, with 153 defines and 351 references

processors: Unity.Jobs.CodeGen.JobsILPostProcessor, zzzUnity.Burst.CodeGen.BurstILPostProcessor

running Unity.Jobs.CodeGen.JobsILPostProcessor

running zzzUnity.Burst.CodeGen.BurstILPostProcessor
[1607/1614  1s] ILPostProcess Library/Bee/artifacts/1300b0aE.dag/post-processed/Assembly-CSharp-firstpass.dll (+pdb)
Processing assembly Library/Bee/artifacts/1300b0aE.dag/Assembly-CSharp-firstpass.dll, with 153 defines and 350 references

processors: Unity.Jobs.CodeGen.JobsILPostProcessor, zzzUnity.Burst.CodeGen.BurstILPostProcessor

running Unity.Jobs.CodeGen.JobsILPostProcessor

running zzzUnity.Burst.CodeGen.BurstILPostProcessor
[1608/1614  0s] CopyFiles Library/ScriptAssemblies/Assembly-CSharp-Editor.pdb
[1609/1614  0s] CopyFiles Library/ScriptAssemblies/Assembly-CSharp.pdb
[1610/1614  0s] CopyFiles Library/ScriptAssemblies/Assembly-CSharp-firstpass.pdb
[1611/1614  0s] CopyFiles Library/ScriptAssemblies/Assembly-CSharp.dll
[1612/1614  0s] CopyFiles Library/ScriptAssemblies/Assembly-CSharp-firstpass.dll
[1613/1614  0s] CopyFiles Library/ScriptAssemblies/Assembly-CSharp-Editor.dll
*** Tundra build success (3.06 seconds), 16 items updated, 1614 evaluated
AssetDatabase: script compilation time: 6.683444s
Begin MonoManager ReloadAssembly
- Loaded All Assemblies, in  2.173 seconds
Start importing Assets/_Game/Shaders/Energy using Guid(c1d2e3f4a5b697887766554433221100) (DefaultImporter) -> (artifact id: 'e67cd75de74035858fa0dbf67240e6ef') in 0.0139368 seconds
Start importing Assets/_Game/Materials/VFX/Energy using Guid(d2e3f4a5b6c708991122334455667788) (DefaultImporter) -> (artifact id: '7deeea4a90cbcf2cf38991d1c60d9f17') in 0.0008195 seconds
Refreshing native plugins compatible for Editor in 2.66 ms, found 5 plugins.
Native extension for Android target not found
Native extension for UWP target not found
Native extension for WindowsStandalone target not found
Refreshing native plugins compatible for Editor in 2.20 ms, found 5 plugins.
[PlayModeStartSceneEnforcer] Pinned Play Mode start scene to Bootstrap.unity.
UnityEngine.Debug:ExtractStackTraceNoAlloc (byte*,int,string)
UnityEngine.StackTraceUtility:ExtractStackTrace ()
UnityEngine.DebugLogHandler:Internal_Log (UnityEngine.LogType,UnityEngine.LogOption,string,UnityEngine.Object)
UnityEngine.DebugLogHandler:LogFormat (UnityEngine.LogType,UnityEngine.Object,string,object[])
UnityEngine.Logger:Log (UnityEngine.LogType,object)
UnityEngine.Debug:Log (object)
AlienDefense.EditorTools.PlayModeStartSceneEnforcer:Apply () (at Assets/_Game/Scripts/Editor/PlayModeStartSceneEnforcer.cs:41)
AlienDefense.EditorTools.PlayModeStartSceneEnforcer:.cctor () (at Assets/_Game/Scripts/Editor/PlayModeStartSceneEnforcer.cs:23)
System.Runtime.CompilerServices.RuntimeHelpers:RunClassConstructor (System.RuntimeTypeHandle)
UnityEditor.EditorAssemblies:ProcessInitializeOnLoadAttributes (System.Type[])

(Filename: Assets/_Game/Scripts/Editor/PlayModeStartSceneEnforcer.cs Line: 41)

Refreshing native plugins compatible for Editor in 2.58 ms, found 5 plugins.
[Licensing::Client] Error: Code 404 while processing request (status: Found 0 entitlement groups and 0 free entitlements matching requested entitlement ids)
[Licensing::Client] Error: Code 404 while processing request (status: Found 0 entitlement groups and 0 free entitlements matching requested entitlement ids)
[Licensing::Client] Error: Code 404 while processing request (status: Found 0 entitlement groups and 0 free entitlements matching requested entitlement ids)
ScheduleIndexationOnStartup MainProcess:True IndexOnStartup:True
Mono: successfully reloaded assembly
- Finished resetting the current domain, in  4.897 seconds
Domain Reload Profiling: 7069ms
	BeginReloadAssembly (344ms)
		ExecutionOrderSort (0ms)
		DisableScriptedObjects (21ms)
		BackupInstance (0ms)
		ReleaseScriptingObjects (0ms)
		CreateAndSetChildDomain (159ms)
	RebuildCommonClasses (40ms)
	RebuildNativeTypeToScriptingClass (14ms)
	initialDomainReloadingComplete (55ms)
	LoadAllAssembliesAndSetupDomain (1719ms)
		LoadAssemblies (1296ms)
		RebuildTransferFunctionScriptingTraits (0ms)
		AnalyzeDomain (543ms)
			TypeCache.Refresh (426ms)
				TypeCache.ScanAssembly (402ms)
			BuildScriptInfoCaches (97ms)
			ResolveRequiredComponents (12ms)
	FinalizeReload (4898ms)
		ReleaseScriptCaches (0ms)
		RebuildScriptCaches (0ms)
		SetupLoadedEditorAssemblies (4684ms)
			LogAssemblyErrors (0ms)
			InitializePlatformSupportModulesInManaged (36ms)
			SetLoadedEditorAssemblies (4ms)
			BeforeProcessingInitializeOnLoad (210ms)
			ProcessInitializeOnLoadAttributes (4096ms)
			ProcessInitializeOnLoadMethodAttributes (336ms)
			AfterProcessingInitializeOnLoad (2ms)
			EditorAssembliesLoaded (0ms)
		ExecutionOrderSort2 (0ms)
		AwakeInstancesAfterBackupRestoration (20ms)
Start importing Assets/_Game/Shaders/Energy/EnergyBallGlow.shader using Guid(e4b1a72c9d084f6a8c3e5f1d7a9b2c4e) (ShaderImporter)Launched and connected shader compiler UnityShaderCompiler.exe after 0.02 seconds
 -> (artifact id: 'beff84f9b015d4123244d547f069bb5e') in 0.0601527 seconds
Start importing Assets/_Game/Shaders/Energy/EnergyBallGlowShell.shader using Guid(f5c2b83d0e195a7b9d4f6e2e8b0c3d5f) (ShaderImporter) -> (artifact id: 'cc7d0a6724705308081749b3e572fc1e') in 0.0084005 seconds
Start importing Assets/_Game/Materials/VFX/Energy/MAT_EnergyBall_Core.mat using Guid(a6d3c94e1f2a6b8c0e5f7a3f9c1d4e6a) (NativeFormatImporter) -> (artifact id: '52ea5e5f9e57122354e7c6386ba121bb') in 0.0021998 seconds
Start importing Assets/_Game/Materials/VFX/Energy/MAT_EnergyBall_Glow.mat using Guid(b7e4da5f203b7c9d1f6a8b4a0d2e5f7b) (NativeFormatImporter) -> (artifact id: 'a0a0c25f77e200fefa4d9b014e4b79ac') in 0.0034261 seconds
Start importing Packages/com.unity.render-pipelines.core/Tests/Editor/UnifiedRayTracing/TraceRays.urtshader using Guid(1142bbad8b9e8c44c83a9775ff120d37) (ScriptedImporter) -> (artifact id: 'a935e0b58b0d13b4df40e791381fc341') in 0.010863 seconds
Start importing Packages/com.unity.render-pipelines.universal/Runtime/RendererFeatures/SurfaceCacheGI/SurfaceCacheCore/RisEstimation.urtshader using Guid(713f6141bd66a134383b787f2eaa7c11) (ScriptedImporter) -> (artifact id: '34da84b3bbc796b7a9ac3764db6cd16a') in 0.0098982 seconds
Start importing Packages/com.unity.render-pipelines.core/Editor/Lighting/ProbeVolume/RenderingLayerMask/TraceRenderingLayerMask.urtshader using Guid(94a070d33e408384bafc1dea4a565df9) (ScriptedImporter) -> (artifact id: '8bb470ced3a4bee9d2e048d6950e3adf') in 0.0088316 seconds
Start importing Packages/com.unity.render-pipelines.universal/Runtime/RendererFeatures/SurfaceCacheGI/SurfaceCacheCore/UniformEstimation.urtshader using Guid(94a39d12848d8d64ca962a72b74e7c50) (ScriptedImporter) -> (artifact id: '9b3e119e27df5b850ab1efa38bb7e58c') in 0.0064114 seconds
Start importing Packages/com.unity.render-pipelines.core/Tests/Editor/UnifiedRayTracing/TraceTransparentRays.urtshader using Guid(6513c3b892e933c4f8d00c19d5c47532) (ScriptedImporter) -> (artifact id: '8fbb2ef0c9a529fd9d4edaf5f7d6674b') in 0.0043058 seconds
Start importing Packages/com.unity.render-pipelines.core/Editor/Lighting/ProbeVolume/DynamicGI/DynamicGISkyOcclusion.urtshader using Guid(5a2a534753fbdb44e96c3c78b5a6999d) (ScriptedImporter) -> (artifact id: '6853ee87340daaea6fabc1f00e72c7c3') in 0.0056528 seconds
Start importing Packages/com.unity.render-pipelines.core/Tests/Editor/UnifiedRayTracing/TraceRaysAndFetchAttributes.urtshader using Guid(fbc59f55df2416344b008dc23753cae2) (ScriptedImporter) -> (artifact id: '9b0e99da797903afa50630d48ca830f3') in 0.005298 seconds
Start importing Packages/com.unity.render-pipelines.universal/Runtime/RendererFeatures/SurfaceCacheGI/SurfaceCacheCore/RestirCandidateTemporal.urtshader using Guid(ad3a9f9982f8c4f4a839a78955e78458) (ScriptedImporter) -> (artifact id: 'b774796902cae3c9c291a25b7bdca493') in 0.0059914 seconds
Start importing Packages/com.unity.render-pipelines.core/Editor/Lighting/ProbeVolume/VirtualOffset/TraceVirtualOffset.urtshader using Guid(ff2cbab5da58bf04d82c5f34037ed123) (ScriptedImporter) -> (artifact id: 'b7d9109baddaab08fd526f1e36ed8c7d') in 0.0075959 seconds
Start importing Assets/_Game/Prefabs/Pickups/EnergyPickup.prefab using Guid(1546f24eeca1d1f45b730955b0f7e114) (PrefabImporter) -> (artifact id: '40ecd8df1d89c4ecdb28c3eabd7055a0') in 0.0043455 seconds
Launched and connected shader compiler UnityShaderCompiler.exe after 0.01 seconds
Launched and connected shader compiler UnityShaderCompiler.exe after 0.01 seconds
Launched and connected shader compiler UnityShaderCompiler.exe after 0.01 seconds
Launched and connected shader compiler UnityShaderCompiler.exe after 0.01 seconds
Refreshing native plugins compatible for Editor in 2.87 ms, found 5 plugins.
Preloading 1 native plugins for Editor in 0.06 ms.
Asset Pipeline Refresh (id=60a9cfb2da2846d44a203521ccc150a4): Total: 16.659 seconds - Initiated by InitialRefreshV2(ForceSynchronousImport)
	Summary:
		Imports: total=16 (actual=16, local cache=0, cache server=0)
		Asset DB Process Time: managed=4 ms, native=5795 ms
		Asset DB Callback time: managed=1448 ms, native=485 ms
		Scripting: domain reloads=1, domain reload time=2174 ms, compile time=6685 ms, other=65 ms
		Project Asset Count: scripts=2406, non-scripts=6942
		Asset File Changes: new=6, changed=8, moved=0, deleted=0
		Scan Filter Count: 0
	InvokeCustomDependenciesCallbacks: 0.002ms
	InvokePackagesCallback: 34.676ms
	ApplyChangesToAssetFolders: 0.803ms
	Scan: 218.039ms
	OnSourceAssetsModified: 1.495ms
	CategorizeAssetsWithTransientArtifact: 86.960ms
	ProcessAssetsWithTransientArtifactChanges: 114.913ms
	CategorizeAssets: 124.522ms
	ImportOutOfDateAssets: 5086.641ms (-1774.258ms without children)
		ImportManagerImport: 172.108ms (7.812ms without children)
			ImportInProcess: 163.361ms
			UpdateCategorizedAssets: 0.935ms
		CompileScripts: 6685.100ms
		ReloadNativeAssets: 0.033ms
		UnloadImportedAssets: 0.621ms
		ReloadImportedAssets: 0.818ms
		EnsureUptoDateAssetsAreRegisteredWithGuidPM: 1.282ms
		InitializingProgressBar: 0.008ms
		PostProcessAllAssetNotificationsAddChangedAssets: 0.001ms
		OnDemandSchedulerStart: 0.928ms
	PostProcessAllAssets: 1893.425ms
	Hotreload: 5.735ms
	GatherAllCurrentPrimaryArtifactRevisions: 0.003ms
	UnloadStreamsBegin: 4.435ms
	PersistCurrentRevisions: 0.598ms
	UnloadStreamsEnd: 0.002ms
	GenerateScriptTypeHashes: 4.712ms
	Untracked: 9086.823ms

Application.AssetDatabase Initial Refresh End
Scanning for USB devices : 1.640ms
Initializing Unity extensions:
[MODES] ModeService[none].Initialize
[MODES] ModeService[none].LoadModes
[MODES] Loading mode Default (0) for mode-current-id-AlienDefense3D
Unloading 72 Unused Serialized files (Serialized files now loaded: 0)
Unloading 10688 unused Assets / (5.3 MB). Loaded Objects now: 11618.
Memory consumption went from 292.5 MB to 287.2 MB.
Total: 23.677000 ms (FindLiveObjects: 0.900200 ms CreateObjectMapping: 0.968300 ms MarkObjects: 18.319800 ms  DeleteObjects: 3.487000 ms)

Start importing ProjectSettings/EditorBuildSettings.asset using Guid(0000000000000000b000000000000000) (LibraryAssetImporter) -> (artifact id: 'd27fd89788b1c44aaa28995cb011ecf9') in 0.0022044 seconds
Refreshing native plugins compatible for Editor in 2.04 ms, found 5 plugins.
Preloading 1 native plugins for Editor in 0.05 ms.
Asset Pipeline Refresh (id=b0d190ebca9fa9d4d8e0eb948510d3e0): Total: 0.102 seconds - Initiated by StopAssetImportingV2(NoUpdateAssetOptions)
Loaded scene 'Library/Unused/63d94828603cdd947b408a6282a943d2'
	Deserialize:            0.293 ms
	Integration:            0.123 ms
	Integration of assets:  0.001 ms
	Thread Wait Time:       0.008 ms
	Total Operation Time:   0.426 ms
Asset Pipeline Refresh (id=6cf397775bf38324898dc2e24097f02a): Total: 0.006 seconds - Initiated by StopAssetImportingV2(NoUpdateAssetOptions)
[AlienDefense Setup] EnergyPickup visual upgraded to Core + GlowShell.
UnityEngine.Debug:ExtractStackTraceNoAlloc (byte*,int,string)
UnityEngine.StackTraceUtility:ExtractStackTrace ()
UnityEngine.DebugLogHandler:Internal_Log (UnityEngine.LogType,UnityEngine.LogOption,string,UnityEngine.Object)
UnityEngine.DebugLogHandler:LogFormat (UnityEngine.LogType,UnityEngine.Object,string,object[])
UnityEngine.Logger:Log (UnityEngine.LogType,object)
UnityEngine.Debug:Log (object)
AlienDefense.EditorTools.EnergyPickupPrefabBuilder:UpgradeEnergyPickupVisual () (at Assets/_Game/Scripts/Editor/EnergyPickupPrefabBuilder.cs:60)

(Filename: Assets/_Game/Scripts/Editor/EnergyPickupPrefabBuilder.cs Line: 60)

Batchmode quit successfully invoked - shutting down!
Killing ADB server in 0.0516535 seconds.
[Physics::Module] Cleanup current backend.
[Physics::Module] Id: 0xf2b8ea05
Input System module state changed to: ShutdownInProgress.
Input System polling thread exited.
Input System module state changed to: Shutdown.
[Licensing::IpcConnector] LicenseClient-Tus-6000.3.21-notifications channel disconnected successfully.
[Licensing::IpcConnector] LicenseClient-Tus-6000.3.21 channel disconnected successfully.
AcceleratorClientConnectionCallback - disconnected - :0
Cleanup mono
Exiting batchmode successfully now!
Exiting without the bug reporter. Application will terminate with return code 0